// Jest Snapshot v1, https://goo.gl/fbAQLP

exports[`CommentBox renders correctly 1`] = `
<div>
  <form
    onSubmit={[Function]}
  >
    <div>
      <textarea
        onChange={[Function]}
        value=""
      />
    </div>
    <button>
      Submit
    </button>
    <button>
      Cancel
    </button>
  </form>
</div>
`;
